CDC PIPELINE TEST REPORT
Thời gian chạy: 2026-04-01 00:43:36
============================================================

============================================================
  TEST 1: DATA ACCURACY (Kiểm tra độ chính xác dữ liệu)
============================================================

  [MySQL]   customers=3, orders=4
  [MongoDB] customers=3, orders=4

  ✅ PASS: customers count khớp MySQL↔MongoDB (3)
  ✅ PASS: orders count khớp MySQL↔MongoDB (4)
  ✅ PASS: Tất cả 3 customers khớp record-by-record
  ✅ PASS: PII Masking hoạt động — email mẫu: a*******n@company.com
  ✅ PASS: Redis [customers:total] = 3 (type=string)
  ✅ PASS: Redis [orders:total] = 4 (type=string)
  ✅ PASS: Redis [orders:revenue] = 5220000 (type=string)
  ✅ PASS: Redis [top_customers:order_count] = zset với 3 entries
           Top 3: [('customer:1', 2.0), ('customer:3', 1.0), ('customer:2', 1.0)]

  ℹ️  NOTE: Redis counters là metrics tích lũy (mỗi event đều INCR)
           Không so sánh trực tiếp với MySQL snapshot — đây là thiết kế đúng.

  KẾT QUẢ: 8 passed, 0 failed

============================================================
  TEST 2: END-TO-END LATENCY (Độ trễ đầu cuối)
============================================================

  → INSERT customer id=4 lúc 00:43:36
  → Đang chờ xuất hiện ở MongoDB (timeout=15s)...
  ✅ PASS: Data xuất hiện ở MongoDB sau 5.52s
  ✅ PASS: Latency 5.52s < 10s (đạt mục tiêu đề tài)

============================================================
  TEST 3: THROUGHPUT (Số events/giây)
============================================================

  → Inserting 50 customers vào MySQL...
  → MySQL insert 50 records xong sau 0.00s
  → Đang chờ pipeline xử lý (tối đa 30s)...
  → Synced 49/50 records trong 30.08s
  ✅ Throughput: 1.63 records/giây
  ⚠️  WARN: 1 records chưa sync (có thể cần thêm thời gian)

============================================================
  TEST 4: KAFKA LAG (Tồn đọng message)
============================================================

  Topic: inventory.inventory.customers
    Partition 0: offset 0 → 56 | Tổng messages: 56
  Topic: inventory.inventory.orders
    Partition 0: offset 0 → 4 | Tổng messages: 4

  Tổng messages trong tất cả topics: 60

  ℹ️  Không có consumer group nào — Spark dùng internal offset tracking

  ✅ Kafka lag check hoàn tất

============================================================
  TEST 5: FAULT TOLERANCE (Khả năng chịu lỗi)
============================================================

  → MongoDB customers trước restart: 53
  → Restart cdc-spark-master...
  → Khởi động lại Spark job...
  → INSERT customer id=55 sau restart
  → Chờ pipeline phục hồi (tối đa 30s)...
  ✅ PASS: Pipeline phục hồi sau restart, xử lý data sau 3.0s

============================================================
  TỔNG KẾT
============================================================
  Accuracy   : 8 passed, 0 failed
  Latency    : 5.52s
  Throughput : 1.63 records/s

  Thời gian hoàn thành: 2026-04-01 00:44:51